prompt from: /home/jiangzhikun/yongyan_liu/Experiments/SolAgent/20260901-sana-video-fp8-executor/src/Vedio-RSI/models/sana_video_2b_h100/prompts/model_card_long_motion30.txt
SGLANG_SANA_MINIMAL_IMPORT=1: package shims enabled
==== STAGE 1: import new SANA-Video modules ====
Failed to initialize DeepGEMM. Disabling JIT DeepGEMM.
Traceback (most recent call last):
  File "/home/jiangzhikun/yongyan_liu/Experiments/SolAgent/20260901-sana-video-fp8-executor/src/Vedio-RSI/external/sol_runtime/python/sglang/srt/layers/deep_gemm_wrapper/configurer.py", line 28, in _compute_enable_deep_gemm
    import deep_gemm  # noqa: F401
    ^^^^^^^^^^^^^^^^
ModuleNotFoundError: No module named 'deep_gemm'
IMPORT_OK
==== STAGE 2: resolve local snapshot + pipeline registry ====
model_path: /home/jiangzhikun/yongyan_liu/Experiments/SolAgent/20260827-official-repro/models/hf-cache/hub/models--Efficient-Large-Model--SANA-Video_2B_480p_diffusers/snapshots/db5f398b13ca086d09a50ce156c20527773841b1
SanaVideoPipeline registered: True
sana pipelines: ['SanaVideoPipeline']
==== STAGE 3: build DiffGenerator ====
[09-01 19:49:13] Automatically enable default layerwise offload for SanaVideoPipelineConfig: ['text_encoder', 'image_encoder', 'vae']
[09-01 19:49:13] Warmup enabled, the launch time is expected to be longer than usual
[09-01 19:49:13] Disabling text_encoder_cpu_offload, image_encoder_cpu_offload because the selected layerwise offload components manage the same weights.
[93m[09-01 19:49:13] layerwise offload components are selected: [92mlower GPU memory usage[0;0m, but [91mmay reduce throughput or increase latency[0;0m. [1;36mIf you are using multi-GPU deployment and already have enough memory headroom, prefer keeping layerwise offload disabled.[0;0m Please tune this based on your memory headroom and performance target.[0;0m
[09-01 19:49:13] server_args: {"model_path": "/home/jiangzhikun/yongyan_liu/Experiments/SolAgent/20260827-official-repro/models/hf-cache/hub/models--Efficient-Large-Model--SANA-Video_2B_480p_diffusers/snapshots/db5f398b13ca086d09a50ce156c20527773841b1", "model_id": null, "backend": "auto", "attention_backend": null, "attention_backend_config": {}, "component_attention_backends": {}, "cache_dit_config": null, "nccl_port": null, "trust_remote_code": false, "revision": null, "num_gpus": 1, "performance_mode": "auto", "tp_size": 1, "sp_degree": 1, "ulysses_degree": 1, "ring_degree": 1, "dp_size": 1, "dp_degree": 1, "enable_cfg_parallel": false, "cfg_parallel_degree": 1, "hsdp_replicate_dim": 1, "hsdp_shard_dim": 1, "dist_timeout": 3600, "pipeline_class_name": "SanaVideoPipeline", "lora_path": null, "lora_nickname": "default", "lora_scale": 1.0, "lora_merge_mode": "auto", "lora_weight_name": null, "component_paths": {}, "transformer_weights_path": null, "quantization": null, "quantization_ignored_layers": null, "lora_target_modules": null, "dit_cpu_offload": false, "dit_layerwise_offload": false, "layerwise_offload_components": ["text_encoder", "image_encoder", "vae"], "dit_offload_prefetch_size": 0.0, "text_encoder_cpu_offload": false, "image_encoder_cpu_offload": false, "vae_cpu_offload": false, "use_fsdp_inference": false, "pin_cpu_memory": true, "ltx2_two_stage_device_mode": null, "comfyui_mode": false, "enable_torch_compile": false, "warmup": true, "warmup_resolutions": null, "warmup_steps": 1, "disable_autocast": true, "master_port": 30005, "host": "127.0.0.1", "port": 30000, "webui": false, "webui_port": 12312, "scheduler_port": 5635, "batching_mode": "dynamic", "batching_max_size": 1, "batching_delay_ms": 0.0, "batching_config": null, "enable_batching_metrics": false, "strict_ports": false, "output_path": "outputs/", "input_save_path": "inputs/uploads", "prompt_file_path": null, "model_paths": {}, "model_loaded": {"transformer": true, "vae": true, "video_vae": true, "audio_vae": true, "video_dit": true, "audio_dit": true, "dual_tower_bridge": true}, "boundary_ratio": null, "base_gpu_id": 0, "disagg_role": "monolithic", "disagg_timeout": 600, "disagg_dispatch_policy": "round_robin", "disagg_mode": false, "disagg_server_addr": null, "encoder_urls": null, "denoiser_urls": null, "decoder_urls": null, "encoder_tp": null, "denoiser_tp": null, "denoiser_sp": null, "denoiser_ulysses": null, "denoiser_ring": null, "decoder_tp": null, "disagg_transfer_pool_size": 268435456, "disagg_p2p_hostname": "127.0.0.1", "disagg_ib_device": null, "pool_work_endpoint": null, "pool_result_endpoint": null, "log_level": "info", "uvicorn_access_log_exclude_prefixes": [], "enable_trace": false, "otlp_traces_endpoint": "localhost:4317"}
[09-01 19:49:13] Local mode: True
[09-01 19:49:13] Starting server...
Failed to initialize DeepGEMM. Disabling JIT DeepGEMM.
Traceback (most recent call last):
  File "/home/jiangzhikun/yongyan_liu/Experiments/SolAgent/20260901-sana-video-fp8-executor/src/Vedio-RSI/external/sol_runtime/python/sglang/srt/layers/deep_gemm_wrapper/configurer.py", line 28, in _compute_enable_deep_gemm
    import deep_gemm  # noqa: F401
    ^^^^^^^^^^^^^^^^
ModuleNotFoundError: No module named 'deep_gemm'
[09-01 19:49:26] Scheduler bind at endpoint: tcp://127.0.0.1:5635
[09-01 19:49:27] Initializing distributed environment with world_size=1, device=cuda:0, timeout=3600
[09-01 19:49:27] Setting distributed timeout to 3600 seconds
[09-01 19:49:29] Requested pipeline_class_name: SanaVideoPipeline
[09-01 19:49:29] Available pipelines in registry: ['SanaVideoPipeline']
[09-01 19:49:29] ✓ Using explicitly specified pipeline: SanaVideoPipeline (class: SanaVideoPipeline)
[09-01 19:49:29] Loading pipeline modules...
[09-01 19:49:29] Model already exists locally and is complete
[09-01 19:49:29] Model path: /home/jiangzhikun/yongyan_liu/Experiments/SolAgent/20260827-official-repro/models/hf-cache/hub/models--Efficient-Large-Model--SANA-Video_2B_480p_diffusers/snapshots/db5f398b13ca086d09a50ce156c20527773841b1
[09-01 19:49:29] Diffusers version: 0.36.0.dev0
[09-01 19:49:29] Loading pipeline modules from config: {'_class_name': 'SanaVideoPipeline', '_diffusers_version': '0.36.0.dev0', 'scheduler': ['diffusers', 'DPMSolverMultistepScheduler'], 'text_encoder': ['transformers', 'Gemma2Model'], 'tokenizer': ['transformers', 'GemmaTokenizerFast'], 'transformer': ['diffusers', 'SanaVideoTransformer3DModel'], 'vae': ['diffusers', 'AutoencoderKLWan']}
[09-01 19:49:29] Loading required components: ['text_encoder', 'tokenizer', 'vae', 'transformer', 'scheduler']
[09-01 19:49:29] Memory-aware component load order: ['transformer', 'text_encoder', 'vae', 'tokenizer', 'scheduler']

Loading required modules:   0%|          | 0/5 [00:00<?, ?it/s][09-01 19:49:29] Loading transformer from /home/jiangzhikun/yongyan_liu/Experiments/SolAgent/20260827-official-repro/models/hf-cache/hub/models--Efficient-Large-Model--SANA-Video_2B_480p_diffusers/snapshots/db5f398b13ca086d09a50ce156c20527773841b1/transformer. avail mem: 73.78 GB
[09-01 19:49:29] Loading SanaVideoTransformer3DModel from 2 safetensors file(s) , param_dtype: torch.bfloat16


Loading safetensors checkpoint shards:   0% Completed | 0/2 [00:00<?, ?it/s]
[A
Loading safetensors checkpoint shards: 100% Completed | 2/2 [00:00<00:00, 105.36it/s]

SANA_FP8_INSTALL {"backend": {"backend": "sglang_w8a8_e4m3", "compute_capability": [9, 0], "cutlass_fp8_supported": true, "device": "cuda:0", "device_name": "NVIDIA H100 80GB HBM3", "fp8_dtype": "torch.float8_e4m3fn", "source_dtype": "torch.bfloat16"}, "converted_modules": ["transformer_blocks.0.ff.conv_inverted", "transformer_blocks.0.ff.conv_point", "transformer_blocks.1.ff.conv_inverted", "transformer_blocks.1.ff.conv_point", "transformer_blocks.2.ff.conv_inverted", "transformer_blocks.2.ff.conv_point", "transformer_blocks.3.ff.conv_inverted", "transformer_blocks.3.ff.conv_point", "transformer_blocks.4.ff.conv_inverted", "transformer_blocks.4.ff.conv_point", "transformer_blocks.5.ff.conv_inverted", "transformer_blocks.5.ff.conv_point", "transformer_blocks.6.ff.conv_inverted", "transformer_blocks.6.ff.conv_point", "transformer_blocks.7.ff.conv_inverted", "transformer_blocks.7.ff.conv_point", "transformer_blocks.8.ff.conv_inverted", "transformer_blocks.8.ff.conv_point", "transformer_blocks.9.ff.conv_inverted", "transformer_blocks.9.ff.conv_point", "transformer_blocks.10.ff.conv_inverted", "transformer_blocks.10.ff.conv_point", "transformer_blocks.11.ff.conv_inverted", "transformer_blocks.11.ff.conv_point", "transformer_blocks.12.ff.conv_inverted", "transformer_blocks.12.ff.conv_point", "transformer_blocks.13.ff.conv_inverted", "transformer_blocks.13.ff.conv_point", "transformer_blocks.14.ff.conv_inverted", "transformer_blocks.14.ff.conv_point", "transformer_blocks.15.ff.conv_inverted", "transformer_blocks.15.ff.conv_point", "transformer_blocks.16.ff.conv_inverted", "transformer_blocks.16.ff.conv_point", "transformer_blocks.17.ff.conv_inverted", "transformer_blocks.17.ff.conv_point", "transformer_blocks.18.ff.conv_inverted", "transformer_blocks.18.ff.conv_point", "transformer_blocks.19.ff.conv_inverted", "transformer_blocks.19.ff.conv_point"], "enabled": true, "fp8_weight_bytes": 904422400, "policy": {"block_end": -1, "block_start": 0, "enabled": true, "scope": "ffn_1x1", "strict": true}, "skipped_modules": [], "source_weight_bytes": 1806336000, "status": "installed"}
[09-01 19:49:34] Loaded transformer: SanaVideoTransformer3DModel (sgl-diffusion version). model size: 2.99 GB, consumed GPU mem: 3.69 GB, avail GPU mem: 70.09 GB

Loading required modules:  20%|██        | 1/5 [00:05<00:20,  5.05s/it][09-01 19:49:34] Loading text_encoder from /home/jiangzhikun/yongyan_liu/Experiments/SolAgent/20260827-official-repro/models/hf-cache/hub/models--Efficient-Large-Model--SANA-Video_2B_480p_diffusers/snapshots/db5f398b13ca086d09a50ce156c20527773841b1/text_encoder. avail mem: 70.09 GB
[09-01 19:49:34] Loading text_encoder on CPU first because it is selected for layerwise offload


Loading safetensors checkpoint shards:   0% Completed | 0/2 [00:00<?, ?it/s]
[A

Loading safetensors checkpoint shards:  50% Completed | 1/2 [00:02<00:02,  2.56s/it]
[A

Loading safetensors checkpoint shards: 100% Completed | 2/2 [00:02<00:00,  1.27s/it]
[A
Loading safetensors checkpoint shards: 100% Completed | 2/2 [00:02<00:00,  1.46s/it]

[09-01 19:49:40] LayerwiseOffloadManager initialized with num prefetched layer: 1, total num layers: 26
[09-01 19:49:40] Enabled layerwise offload for Gemma2Model on modules: ['layers']
[09-01 19:49:40] Enabled layerwise offload for pipeline components: ['text_encoder']
[09-01 19:49:40] Configured layerwise offload for text_encoder immediately after startup CPU staging
[09-01 19:49:40] Loaded text_encoder: Gemma2Model (sgl-diffusion version). model size: 1.25 GB, consumed GPU mem: 1.26 GB, avail GPU mem: 68.83 GB

Loading required modules:  40%|████      | 2/5 [00:11<00:17,  5.86s/it][09-01 19:49:40] Loading vae from /home/jiangzhikun/yongyan_liu/Experiments/SolAgent/20260827-official-repro/models/hf-cache/hub/models--Efficient-Large-Model--SANA-Video_2B_480p_diffusers/snapshots/db5f398b13ca086d09a50ce156c20527773841b1/vae. avail mem: 68.83 GB
[93m[09-01 19:49:41] VAE unexpected keys: ['encoder.conv_in.bias', 'encoder.conv_in.weight', 'encoder.conv_out.bias', 'encoder.conv_out.weight', 'encoder.down_blocks.0.conv1.bias', 'encoder.down_blocks.0.conv1.weight', 'encoder.down_blocks.0.conv2.bias', 'encoder.down_blocks.0.conv2.weight', 'encoder.down_blocks.0.norm1.gamma', 'encoder.down_blocks.0.norm2.gamma', 'encoder.down_blocks.1.conv1.bias', 'encoder.down_blocks.1.conv1.weight', 'encoder.down_blocks.1.conv2.bias', 'encoder.down_blocks.1.conv2.weight', 'encoder.down_blocks.1.norm1.gamma', 'encoder.down_blocks.1.norm2.gamma', 'encoder.down_blocks.10.conv1.bias', 'encoder.down_blocks.10.conv1.weight', 'encoder.down_blocks.10.conv2.bias', 'encoder.down_blocks.10.conv2.weight', 'encoder.down_blocks.10.norm1.gamma', 'encoder.down_blocks.10.norm2.gamma', 'encoder.down_blocks.2.resample.1.bias', 'encoder.down_blocks.2.resample.1.weight', 'encoder.down_blocks.3.conv1.bias', 'encoder.down_blocks.3.conv1.weight', 'encoder.down_blocks.3.conv2.bias', 'encoder.down_blocks.3.conv2.weight', 'encoder.down_blocks.3.conv_shortcut.bias', 'encoder.down_blocks.3.conv_shortcut.weight', 'encoder.down_blocks.3.norm1.gamma', 'encoder.down_blocks.3.norm2.gamma', 'encoder.down_blocks.4.conv1.bias', 'encoder.down_blocks.4.conv1.weight', 'encoder.down_blocks.4.conv2.bias', 'encoder.down_blocks.4.conv2.weight', 'encoder.down_blocks.4.norm1.gamma', 'encoder.down_blocks.4.norm2.gamma', 'encoder.down_blocks.5.resample.1.bias', 'encoder.down_blocks.5.resample.1.weight', 'encoder.down_blocks.5.time_conv.bias', 'encoder.down_blocks.5.time_conv.weight', 'encoder.down_blocks.6.conv1.bias', 'encoder.down_blocks.6.conv1.weight', 'encoder.down_blocks.6.conv2.bias', 'encoder.down_blocks.6.conv2.weight', 'encoder.down_blocks.6.conv_shortcut.bias', 'encoder.down_blocks.6.conv_shortcut.weight', 'encoder.down_blocks.6.norm1.gamma', 'encoder.down_blocks.6.norm2.gamma', 'encoder.down_blocks.7.conv1.bias', 'encoder.down_blocks.7.conv1.weight', 'encoder.down_blocks.7.conv2.bias', 'encoder.down_blocks.7.conv2.weight', 'encoder.down_blocks.7.norm1.gamma', 'encoder.down_blocks.7.norm2.gamma', 'encoder.down_blocks.8.resample.1.bias', 'encoder.down_blocks.8.resample.1.weight', 'encoder.down_blocks.8.time_conv.bias', 'encoder.down_blocks.8.time_conv.weight', 'encoder.down_blocks.9.conv1.bias', 'encoder.down_blocks.9.conv1.weight', 'encoder.down_blocks.9.conv2.bias', 'encoder.down_blocks.9.conv2.weight', 'encoder.down_blocks.9.norm1.gamma', 'encoder.down_blocks.9.norm2.gamma', 'encoder.mid_block.attentions.0.norm.gamma', 'encoder.mid_block.attentions.0.proj.bias', 'encoder.mid_block.attentions.0.proj.weight', 'encoder.mid_block.attentions.0.to_qkv.bias', 'encoder.mid_block.attentions.0.to_qkv.weight', 'encoder.mid_block.resnets.0.conv1.bias', 'encoder.mid_block.resnets.0.conv1.weight', 'encoder.mid_block.resnets.0.conv2.bias', 'encoder.mid_block.resnets.0.conv2.weight', 'encoder.mid_block.resnets.0.norm1.gamma', 'encoder.mid_block.resnets.0.norm2.gamma', 'encoder.mid_block.resnets.1.conv1.bias', 'encoder.mid_block.resnets.1.conv1.weight', 'encoder.mid_block.resnets.1.conv2.bias', 'encoder.mid_block.resnets.1.conv2.weight', 'encoder.mid_block.resnets.1.norm1.gamma', 'encoder.mid_block.resnets.1.norm2.gamma', 'encoder.norm_out.gamma'][0;0m
[09-01 19:49:41] VAE: converted 35 Conv3d weights to channels_last_3d
[09-01 19:49:41] Loaded vae: AutoencoderKLWan (sgl-diffusion version). model size: 0.27 GB, consumed GPU mem: 0.30 GB, avail GPU mem: 68.53 GB

Loading required modules:  60%|██████    | 3/5 [00:12<00:07,  3.69s/it][09-01 19:49:41] Loading tokenizer from /home/jiangzhikun/yongyan_liu/Experiments/SolAgent/20260827-official-repro/models/hf-cache/hub/models--Efficient-Large-Model--SANA-Video_2B_480p_diffusers/snapshots/db5f398b13ca086d09a50ce156c20527773841b1/tokenizer. avail mem: 68.53 GB
[09-01 19:49:43] Loaded tokenizer: GemmaTokenizer (sgl-diffusion version). model size: NA GB, consumed GPU mem: 0.00 GB, avail GPU mem: 68.53 GB

Loading required modules:  80%|████████  | 4/5 [00:13<00:02,  2.77s/it][09-01 19:49:43] Loading scheduler from /home/jiangzhikun/yongyan_liu/Experiments/SolAgent/20260827-official-repro/models/hf-cache/hub/models--Efficient-Large-Model--SANA-Video_2B_480p_diffusers/snapshots/db5f398b13ca086d09a50ce156c20527773841b1/scheduler. avail mem: 68.53 GB
[09-01 19:49:43] Loaded scheduler: DPMSolverMultistepScheduler (sgl-diffusion version). model size: NA GB, consumed GPU mem: 0.00 GB, avail GPU mem: 68.53 GB

Loading required modules: 100%|██████████| 5/5 [00:13<00:00,  2.79s/it]
[09-01 19:49:43] Creating pipeline stages...
[09-01 19:49:43] Cannot use FlashAttention backend for head size 112.
[09-01 19:49:43] Using Torch SDPA backend
[09-01 19:49:43] Pipeline instantiated
[09-01 19:49:43] LayerwiseOffloadManager initialized with num prefetched layer: 1, total num layers: 4
[09-01 19:49:43] Enabled layerwise offload for AutoencoderKLWan on modules: ['decoder.up_blocks']
[09-01 19:49:43] Enabled layerwise offload for pipeline components: ['text_encoder', 'vae']
[09-01 19:49:43] Worker 0: Initialized device, model, and distributed environment.
[09-01 19:49:43] Worker 0: Scheduler loop started.
BUILD_OK (compile=False, warmup=True)
==== STAGE 4: generate ====
[09-01 19:49:43] Adjusting number of frames from 81 to 81 based on model
[09-01 19:49:43] Processing 1 grouped request(s)
[09-01 19:49:43] Processing warmup req... (1/1)

  0%|          | 0/1 [00:00<?, ?it/s]SANA_CACHE_DECISION {"accumulated_distance": 0.0, "continuous_hits": 0, "family": "easycache", "reason": "warmup_or_start", "run_blocks": true, "signal_distance": null, "step": 0}
SANA_FP8_MODULE_ACTIVE {"backend": "sglang_w8a8_e4m3", "input_dtype": "torch.bfloat16", "input_shape": [21, 2240, 30, 52], "module": "transformer_blocks.0.ff.conv_inverted", "weight_dtype": "torch.float8_e4m3fn"}
SANA_FP8_MODULE_ACTIVE {"backend": "sglang_w8a8_e4m3", "input_dtype": "torch.bfloat16", "input_shape": [21, 6720, 30, 52], "module": "transformer_blocks.0.ff.conv_point", "weight_dtype": "torch.float8_e4m3fn"}
SANA_FP8_MODULE_ACTIVE {"backend": "sglang_w8a8_e4m3", "input_dtype": "torch.bfloat16", "input_shape": [21, 2240, 30, 52], "module": "transformer_blocks.1.ff.conv_inverted", "weight_dtype": "torch.float8_e4m3fn"}
SANA_FP8_MODULE_ACTIVE {"backend": "sglang_w8a8_e4m3", "input_dtype": "torch.bfloat16", "input_shape": [21, 6720, 30, 52], "module": "transformer_blocks.1.ff.conv_point", "weight_dtype": "torch.float8_e4m3fn"}
SANA_FP8_MODULE_ACTIVE {"backend": "sglang_w8a8_e4m3", "input_dtype": "torch.bfloat16", "input_shape": [21, 2240, 30, 52], "module": "transformer_blocks.2.ff.conv_inverted", "weight_dtype": "torch.float8_e4m3fn"}
SANA_FP8_MODULE_ACTIVE {"backend": "sglang_w8a8_e4m3", "input_dtype": "torch.bfloat16", "input_shape": [21, 6720, 30, 52], "module": "transformer_blocks.2.ff.conv_point", "weight_dtype": "torch.float8_e4m3fn"}
SANA_FP8_MODULE_ACTIVE {"backend": "sglang_w8a8_e4m3", "input_dtype": "torch.bfloat16", "input_shape": [21, 2240, 30, 52], "module": "transformer_blocks.3.ff.conv_inverted", "weight_dtype": "torch.float8_e4m3fn"}
SANA_FP8_MODULE_ACTIVE {"backend": "sglang_w8a8_e4m3", "input_dtype": "torch.bfloat16", "input_shape": [21, 6720, 30, 52], "module": "transformer_blocks.3.ff.conv_point", "weight_dtype": "torch.float8_e4m3fn"}
SANA_FP8_MODULE_ACTIVE {"backend": "sglang_w8a8_e4m3", "input_dtype": "torch.bfloat16", "input_shape": [21, 2240, 30, 52], "module": "transformer_blocks.4.ff.conv_inverted", "weight_dtype": "torch.float8_e4m3fn"}
SANA_FP8_MODULE_ACTIVE {"backend": "sglang_w8a8_e4m3", "input_dtype": "torch.bfloat16", "input_shape": [21, 6720, 30, 52], "module": "transformer_blocks.4.ff.conv_point", "weight_dtype": "torch.float8_e4m3fn"}
SANA_FP8_MODULE_ACTIVE {"backend": "sglang_w8a8_e4m3", "input_dtype": "torch.bfloat16", "input_shape": [21, 2240, 30, 52], "module": "transformer_blocks.5.ff.conv_inverted", "weight_dtype": "torch.float8_e4m3fn"}
SANA_FP8_MODULE_ACTIVE {"backend": "sglang_w8a8_e4m3", "input_dtype": "torch.bfloat16", "input_shape": [21, 6720, 30, 52], "module": "transformer_blocks.5.ff.conv_point", "weight_dtype": "torch.float8_e4m3fn"}
SANA_FP8_MODULE_ACTIVE {"backend": "sglang_w8a8_e4m3", "input_dtype": "torch.bfloat16", "input_shape": [21, 2240, 30, 52], "module": "transformer_blocks.6.ff.conv_inverted", "weight_dtype": "torch.float8_e4m3fn"}
SANA_FP8_MODULE_ACTIVE {"backend": "sglang_w8a8_e4m3", "input_dtype": "torch.bfloat16", "input_shape": [21, 6720, 30, 52], "module": "transformer_blocks.6.ff.conv_point", "weight_dtype": "torch.float8_e4m3fn"}
SANA_FP8_MODULE_ACTIVE {"backend": "sglang_w8a8_e4m3", "input_dtype": "torch.bfloat16", "input_shape": [21, 2240, 30, 52], "module": "transformer_blocks.7.ff.conv_inverted", "weight_dtype": "torch.float8_e4m3fn"}
SANA_FP8_MODULE_ACTIVE {"backend": "sglang_w8a8_e4m3", "input_dtype": "torch.bfloat16", "input_shape": [21, 6720, 30, 52], "module": "transformer_blocks.7.ff.conv_point", "weight_dtype": "torch.float8_e4m3fn"}
SANA_FP8_MODULE_ACTIVE {"backend": "sglang_w8a8_e4m3", "input_dtype": "torch.bfloat16", "input_shape": [21, 2240, 30, 52], "module": "transformer_blocks.8.ff.conv_inverted", "weight_dtype": "torch.float8_e4m3fn"}
SANA_FP8_MODULE_ACTIVE {"backend": "sglang_w8a8_e4m3", "input_dtype": "torch.bfloat16", "input_shape": [21, 6720, 30, 52], "module": "transformer_blocks.8.ff.conv_point", "weight_dtype": "torch.float8_e4m3fn"}
SANA_FP8_MODULE_ACTIVE {"backend": "sglang_w8a8_e4m3", "input_dtype": "torch.bfloat16", "input_shape": [21, 2240, 30, 52], "module": "transformer_blocks.9.ff.conv_inverted", "weight_dtype": "torch.float8_e4m3fn"}
SANA_FP8_MODULE_ACTIVE {"backend": "sglang_w8a8_e4m3", "input_dtype": "torch.bfloat16", "input_shape": [21, 6720, 30, 52], "module": "transformer_blocks.9.ff.conv_point", "weight_dtype": "torch.float8_e4m3fn"}
SANA_FP8_MODULE_ACTIVE {"backend": "sglang_w8a8_e4m3", "input_dtype": "torch.bfloat16", "input_shape": [21, 2240, 30, 52], "module": "transformer_blocks.10.ff.conv_inverted", "weight_dtype": "torch.float8_e4m3fn"}
SANA_FP8_MODULE_ACTIVE {"backend": "sglang_w8a8_e4m3", "input_dtype": "torch.bfloat16", "input_shape": [21, 6720, 30, 52], "module": "transformer_blocks.10.ff.conv_point", "weight_dtype": "torch.float8_e4m3fn"}
SANA_FP8_MODULE_ACTIVE {"backend": "sglang_w8a8_e4m3", "input_dtype": "torch.bfloat16", "input_shape": [21, 2240, 30, 52], "module": "transformer_blocks.11.ff.conv_inverted", "weight_dtype": "torch.float8_e4m3fn"}
SANA_FP8_MODULE_ACTIVE {"backend": "sglang_w8a8_e4m3", "input_dtype": "torch.bfloat16", "input_shape": [21, 6720, 30, 52], "module": "transformer_blocks.11.ff.conv_point", "weight_dtype": "torch.float8_e4m3fn"}
SANA_FP8_MODULE_ACTIVE {"backend": "sglang_w8a8_e4m3", "input_dtype": "torch.bfloat16", "input_shape": [21, 2240, 30, 52], "module": "transformer_blocks.12.ff.conv_inverted", "weight_dtype": "torch.float8_e4m3fn"}
SANA_FP8_MODULE_ACTIVE {"backend": "sglang_w8a8_e4m3", "input_dtype": "torch.bfloat16", "input_shape": [21, 6720, 30, 52], "module": "transformer_blocks.12.ff.conv_point", "weight_dtype": "torch.float8_e4m3fn"}
SANA_FP8_MODULE_ACTIVE {"backend": "sglang_w8a8_e4m3", "input_dtype": "torch.bfloat16", "input_shape": [21, 2240, 30, 52], "module": "transformer_blocks.13.ff.conv_inverted", "weight_dtype": "torch.float8_e4m3fn"}
SANA_FP8_MODULE_ACTIVE {"backend": "sglang_w8a8_e4m3", "input_dtype": "torch.bfloat16", "input_shape": [21, 6720, 30, 52], "module": "transformer_blocks.13.ff.conv_point", "weight_dtype": "torch.float8_e4m3fn"}
SANA_FP8_MODULE_ACTIVE {"backend": "sglang_w8a8_e4m3", "input_dtype": "torch.bfloat16", "input_shape": [21, 2240, 30, 52], "module": "transformer_blocks.14.ff.conv_inverted", "weight_dtype": "torch.float8_e4m3fn"}
SANA_FP8_MODULE_ACTIVE {"backend": "sglang_w8a8_e4m3", "input_dtype": "torch.bfloat16", "input_shape": [21, 6720, 30, 52], "module": "transformer_blocks.14.ff.conv_point", "weight_dtype": "torch.float8_e4m3fn"}
SANA_FP8_MODULE_ACTIVE {"backend": "sglang_w8a8_e4m3", "input_dtype": "torch.bfloat16", "input_shape": [21, 2240, 30, 52], "module": "transformer_blocks.15.ff.conv_inverted", "weight_dtype": "torch.float8_e4m3fn"}
SANA_FP8_MODULE_ACTIVE {"backend": "sglang_w8a8_e4m3", "input_dtype": "torch.bfloat16", "input_shape": [21, 6720, 30, 52], "module": "transformer_blocks.15.ff.conv_point", "weight_dtype": "torch.float8_e4m3fn"}
SANA_FP8_MODULE_ACTIVE {"backend": "sglang_w8a8_e4m3", "input_dtype": "torch.bfloat16", "input_shape": [21, 2240, 30, 52], "module": "transformer_blocks.16.ff.conv_inverted", "weight_dtype": "torch.float8_e4m3fn"}
SANA_FP8_MODULE_ACTIVE {"backend": "sglang_w8a8_e4m3", "input_dtype": "torch.bfloat16", "input_shape": [21, 6720, 30, 52], "module": "transformer_blocks.16.ff.conv_point", "weight_dtype": "torch.float8_e4m3fn"}
SANA_FP8_MODULE_ACTIVE {"backend": "sglang_w8a8_e4m3", "input_dtype": "torch.bfloat16", "input_shape": [21, 2240, 30, 52], "module": "transformer_blocks.17.ff.conv_inverted", "weight_dtype": "torch.float8_e4m3fn"}
SANA_FP8_MODULE_ACTIVE {"backend": "sglang_w8a8_e4m3", "input_dtype": "torch.bfloat16", "input_shape": [21, 6720, 30, 52], "module": "transformer_blocks.17.ff.conv_point", "weight_dtype": "torch.float8_e4m3fn"}
SANA_FP8_MODULE_ACTIVE {"backend": "sglang_w8a8_e4m3", "input_dtype": "torch.bfloat16", "input_shape": [21, 2240, 30, 52], "module": "transformer_blocks.18.ff.conv_inverted", "weight_dtype": "torch.float8_e4m3fn"}
SANA_FP8_MODULE_ACTIVE {"backend": "sglang_w8a8_e4m3", "input_dtype": "torch.bfloat16", "input_shape": [21, 6720, 30, 52], "module": "transformer_blocks.18.ff.conv_point", "weight_dtype": "torch.float8_e4m3fn"}
SANA_FP8_MODULE_ACTIVE {"backend": "sglang_w8a8_e4m3", "input_dtype": "torch.bfloat16", "input_shape": [21, 2240, 30, 52], "module": "transformer_blocks.19.ff.conv_inverted", "weight_dtype": "torch.float8_e4m3fn"}
SANA_FP8_MODULE_ACTIVE {"backend": "sglang_w8a8_e4m3", "input_dtype": "torch.bfloat16", "input_shape": [21, 6720, 30, 52], "module": "transformer_blocks.19.ff.conv_point", "weight_dtype": "torch.float8_e4m3fn"}

100%|██████████| 1/1 [00:01<00:00,  1.96s/it]
100%|██████████| 1/1 [00:01<00:00,  1.96s/it]
[09-01 19:49:48] Warmup req (1/1) processed in [92m5.44[0;0m seconds
[09-01 19:49:48] The server is fired up and ready to roll!
[09-01 19:49:48] Sampling params:
                       width: 832
                      height: 480
                  num_frames: 81
                         fps: 16
                      prompt: <redacted, len=515>
                  neg_prompt: <redacted, len=285>
                        seed: 42
                 infer_steps: 50
      num_outputs_per_prompt: 1
              guidance_scale: 6.0
     embedded_guidance_scale: 6.0
                    n_tokens: None
                  flow_shift: None
                  image_path: None
                 save_output: True
            output_file_path: outputs/sana2b_6307fa21b2ff.mp4
        
[09-01 19:49:48] Running pipeline stages: ['InputValidationStage', 'TextEncodingStage', 'LatentPreparationStage', 'TimestepPreparationStage', 'denoising_stage', 'decoding_stage']
[09-01 19:49:48] [InputValidationStage] started...
[09-01 19:49:48] [InputValidationStage] finished in 0.0000 seconds
[09-01 19:49:48] [TextEncodingStage] started...
[09-01 19:49:49] [TextEncodingStage] finished in 0.3701 seconds
[09-01 19:49:49] [LatentPreparationStage] started...
[09-01 19:49:49] [LatentPreparationStage] finished in 0.0002 seconds
[09-01 19:49:49] [TimestepPreparationStage] started...
[09-01 19:49:49] [TimestepPreparationStage] finished in 0.0010 seconds
[09-01 19:49:49] [DenoisingStage] started...

  0%|          | 0/50 [00:00<?, ?it/s]SANA_CACHE_DECISION {"accumulated_distance": 0.0, "continuous_hits": 0, "family": "easycache", "reason": "warmup_or_start", "run_blocks": true, "signal_distance": null, "step": 0}
SANA_CACHE_DECISION {"accumulated_distance": 0.0, "continuous_hits": 0, "family": "easycache", "reason": "warmup_or_start", "run_blocks": true, "signal_distance": null, "step": 1}

  2%|▏         | 1/50 [00:00<00:40,  1.22it/s]SANA_CACHE_DECISION {"accumulated_distance": 0.0, "continuous_hits": 0, "family": "easycache", "reason": "warmup_or_start", "run_blocks": true, "signal_distance": null, "step": 2}
SANA_CACHE_DECISION {"accumulated_distance": 0.0, "continuous_hits": 0, "family": "easycache", "reason": "threshold_recompute", "run_blocks": true, "signal_distance": 0.25822800397872925, "step": 3}

  4%|▍         | 2/50 [00:01<00:46,  1.03it/s]SANA_CACHE_DECISION {"accumulated_distance": 0.0, "continuous_hits": 0, "family": "easycache", "reason": "threshold_recompute", "run_blocks": true, "signal_distance": 0.20751039683818817, "step": 4}
SANA_CACHE_DECISION {"accumulated_distance": 0.0, "continuous_hits": 0, "family": "easycache", "reason": "threshold_recompute", "run_blocks": true, "signal_distance": 0.21355798840522766, "step": 5}

  6%|▌         | 3/50 [00:02<00:48,  1.02s/it]SANA_CACHE_DECISION {"accumulated_distance": 0.0, "continuous_hits": 0, "family": "easycache", "reason": "threshold_recompute", "run_blocks": true, "signal_distance": 0.24232110381126404, "step": 6}
SANA_CACHE_DECISION {"accumulated_distance": 0.0, "continuous_hits": 0, "family": "easycache", "reason": "threshold_recompute", "run_blocks": true, "signal_distance": 0.2194761335849762, "step": 7}

  8%|▊         | 4/50 [00:04<00:48,  1.05s/it]SANA_CACHE_DECISION {"accumulated_distance": 0.0, "continuous_hits": 0, "family": "easycache", "reason": "threshold_recompute", "run_blocks": true, "signal_distance": 0.1753825843334198, "step": 8}
SANA_CACHE_DECISION {"accumulated_distance": 0.0, "continuous_hits": 0, "family": "easycache", "reason": "threshold_recompute", "run_blocks": true, "signal_distance": 0.15494194626808167, "step": 9}

 10%|█         | 5/50 [00:05<00:47,  1.06s/it]SANA_CACHE_DECISION {"accumulated_distance": 0.0, "continuous_hits": 0, "family": "easycache", "reason": "threshold_recompute", "run_blocks": true, "signal_distance": 0.1424000859260559, "step": 10}
SANA_CACHE_DECISION {"accumulated_distance": 0.0, "continuous_hits": 0, "family": "easycache", "reason": "threshold_recompute", "run_blocks": true, "signal_distance": 0.15537939965724945, "step": 11}

 12%|█▏        | 6/50 [00:06<00:46,  1.06s/it]SANA_CACHE_DECISION {"accumulated_distance": 0.0, "continuous_hits": 0, "family": "easycache", "reason": "threshold_recompute", "run_blocks": true, "signal_distance": 0.1626742035150528, "step": 12}
SANA_CACHE_DECISION {"accumulated_distance": 0.0, "continuous_hits": 0, "family": "easycache", "reason": "threshold_recompute", "run_blocks": true, "signal_distance": 0.13870833814144135, "step": 13}

 14%|█▍        | 7/50 [00:07<00:45,  1.07s/it]SANA_CACHE_DECISION {"accumulated_distance": 0.12372715771198273, "continuous_hits": 1, "family": "easycache", "reason": "cache_hit", "run_blocks": false, "signal_distance": 0.12372715771198273, "step": 14}
SANA_CACHE_DECISION {"accumulated_distance": 0.0, "continuous_hits": 0, "family": "easycache", "reason": "threshold_recompute", "run_blocks": true, "signal_distance": 0.25039565563201904, "step": 15}

 16%|█▌        | 8/50 [00:07<00:37,  1.11it/s]SANA_CACHE_DECISION {"accumulated_distance": 0.08380605280399323, "continuous_hits": 1, "family": "easycache", "reason": "cache_hit", "run_blocks": false, "signal_distance": 0.08380605280399323, "step": 16}
SANA_CACHE_DECISION {"accumulated_distance": 0.0, "continuous_hits": 0, "family": "easycache", "reason": "threshold_recompute", "run_blocks": true, "signal_distance": 0.1699099987745285, "step": 17}

 18%|█▊        | 9/50 [00:08<00:32,  1.27it/s]SANA_CACHE_DECISION {"accumulated_distance": 0.0755041167140007, "continuous_hits": 1, "family": "easycache", "reason": "cache_hit", "run_blocks": false, "signal_distance": 0.0755041167140007, "step": 18}
SANA_CACHE_DECISION {"accumulated_distance": 0.0, "continuous_hits": 0, "family": "easycache", "reason": "threshold_recompute", "run_blocks": true, "signal_distance": 0.1534593105316162, "step": 19}

 20%|██        | 10/50 [00:08<00:28,  1.40it/s]SANA_CACHE_DECISION {"accumulated_distance": 0.07160037010908127, "continuous_hits": 1, "family": "easycache", "reason": "cache_hit", "run_blocks": false, "signal_distance": 0.07160037010908127, "step": 20}
SANA_CACHE_DECISION {"accumulated_distance": 0.0, "continuous_hits": 0, "family": "easycache", "reason": "threshold_recompute", "run_blocks": true, "signal_distance": 0.1458515077829361, "step": 21}

 22%|██▏       | 11/50 [00:09<00:25,  1.51it/s]SANA_CACHE_DECISION {"accumulated_distance": 0.07112538069486618, "continuous_hits": 1, "family": "easycache", "reason": "cache_hit", "run_blocks": false, "signal_distance": 0.07112538069486618, "step": 22}
SANA_CACHE_DECISION {"accumulated_distance": 0.0, "continuous_hits": 0, "family": "easycache", "reason": "threshold_recompute", "run_blocks": true, "signal_distance": 0.1452343910932541, "step": 23}

 24%|██▍       | 12/50 [00:09<00:23,  1.60it/s]SANA_CACHE_DECISION {"accumulated_distance": 0.06588562577962875, "continuous_hits": 1, "family": "easycache", "reason": "cache_hit", "run_blocks": false, "signal_distance": 0.06588562577962875, "step": 24}
SANA_CACHE_DECISION {"accumulated_distance": 0.0, "continuous_hits": 0, "family": "easycache", "reason": "threshold_recompute", "run_blocks": true, "signal_distance": 0.13475845754146576, "step": 25}

 26%|██▌       | 13/50 [00:10<00:22,  1.66it/s]SANA_CACHE_DECISION {"accumulated_distance": 0.06516852229833603, "continuous_hits": 1, "family": "easycache", "reason": "cache_hit", "run_blocks": false, "signal_distance": 0.06516852229833603, "step": 26}
SANA_CACHE_DECISION {"accumulated_distance": 0.0, "continuous_hits": 0, "family": "easycache", "reason": "threshold_recompute", "run_blocks": true, "signal_distance": 0.13372689485549927, "step": 27}

 28%|██▊       | 14/50 [00:11<00:21,  1.71it/s]SANA_CACHE_DECISION {"accumulated_distance": 0.06401300430297852, "continuous_hits": 1, "family": "easycache", "reason": "cache_hit", "run_blocks": false, "signal_distance": 0.06401300430297852, "step": 28}
SANA_CACHE_DECISION {"accumulated_distance": 0.0, "continuous_hits": 0, "family": "easycache", "reason": "threshold_recompute", "run_blocks": true, "signal_distance": 0.13174737989902496, "step": 29}

 30%|███       | 15/50 [00:11<00:19,  1.75it/s]SANA_CACHE_DECISION {"accumulated_distance": 0.06343203783035278, "continuous_hits": 1, "family": "easycache", "reason": "cache_hit", "run_blocks": false, "signal_distance": 0.06343203783035278, "step": 30}
SANA_CACHE_DECISION {"accumulated_distance": 0.0, "continuous_hits": 0, "family": "easycache", "reason": "threshold_recompute", "run_blocks": true, "signal_distance": 0.13093605637550354, "step": 31}

 32%|███▏      | 16/50 [00:12<00:19,  1.78it/s]SANA_CACHE_DECISION {"accumulated_distance": 0.06249643489718437, "continuous_hits": 1, "family": "easycache", "reason": "cache_hit", "run_blocks": false, "signal_distance": 0.06249643489718437, "step": 32}
SANA_CACHE_DECISION {"accumulated_distance": 0.0, "continuous_hits": 0, "family": "easycache", "reason": "threshold_recompute", "run_blocks": true, "signal_distance": 0.12948141992092133, "step": 33}

 34%|███▍      | 17/50 [00:12<00:18,  1.80it/s]SANA_CACHE_DECISION {"accumulated_distance": 0.06264945864677429, "continuous_hits": 1, "family": "easycache", "reason": "cache_hit", "run_blocks": false, "signal_distance": 0.06264945864677429, "step": 34}
SANA_CACHE_DECISION {"accumulated_distance": 0.0, "continuous_hits": 0, "family": "easycache", "reason": "threshold_recompute", "run_blocks": true, "signal_distance": 0.1303224414587021, "step": 35}

 36%|███▌      | 18/50 [00:13<00:17,  1.81it/s]SANA_CACHE_DECISION {"accumulated_distance": 0.06452895700931549, "continuous_hits": 1, "family": "easycache", "reason": "cache_hit", "run_blocks": false, "signal_distance": 0.06452895700931549, "step": 36}
SANA_CACHE_DECISION {"accumulated_distance": 0.0, "continuous_hits": 0, "family": "easycache", "reason": "threshold_recompute", "run_blocks": true, "signal_distance": 0.134843111038208, "step": 37}

 38%|███▊      | 19/50 [00:13<00:17,  1.82it/s]SANA_CACHE_DECISION {"accumulated_distance": 0.06712854653596878, "continuous_hits": 1, "family": "easycache", "reason": "cache_hit", "run_blocks": false, "signal_distance": 0.06712854653596878, "step": 38}
SANA_CACHE_DECISION {"accumulated_distance": 0.0, "continuous_hits": 0, "family": "easycache", "reason": "threshold_recompute", "run_blocks": true, "signal_distance": 0.14096856117248535, "step": 39}

 40%|████      | 20/50 [00:14<00:16,  1.83it/s]SANA_CACHE_DECISION {"accumulated_distance": 0.06806520372629166, "continuous_hits": 1, "family": "easycache", "reason": "cache_hit", "run_blocks": false, "signal_distance": 0.06806520372629166, "step": 40}
SANA_CACHE_DECISION {"accumulated_distance": 0.0, "continuous_hits": 0, "family": "easycache", "reason": "threshold_recompute", "run_blocks": true, "signal_distance": 0.14406439661979675, "step": 41}

 42%|████▏     | 21/50 [00:14<00:15,  1.83it/s]SANA_CACHE_DECISION {"accumulated_distance": 0.07194790989160538, "continuous_hits": 1, "family": "easycache", "reason": "cache_hit", "run_blocks": false, "signal_distance": 0.07194790989160538, "step": 42}
SANA_CACHE_DECISION {"accumulated_distance": 0.0, "continuous_hits": 0, "family": "easycache", "reason": "threshold_recompute", "run_blocks": true, "signal_distance": 0.1533140242099762, "step": 43}

 44%|████▍     | 22/50 [00:15<00:15,  1.83it/s]SANA_CACHE_DECISION {"accumulated_distance": 0.081109419465065, "continuous_hits": 1, "family": "easycache", "reason": "cache_hit", "run_blocks": false, "signal_distance": 0.081109419465065, "step": 44}
SANA_CACHE_DECISION {"accumulated_distance": 0.0, "continuous_hits": 0, "family": "easycache", "reason": "threshold_recompute", "run_blocks": true, "signal_distance": 0.1745356023311615, "step": 45}

 46%|████▌     | 23/50 [00:15<00:14,  1.84it/s]SANA_CACHE_DECISION {"accumulated_distance": 0.10066092014312744, "continuous_hits": 1, "family": "easycache", "reason": "cache_hit", "run_blocks": false, "signal_distance": 0.10066092014312744, "step": 46}
SANA_CACHE_DECISION {"accumulated_distance": 0.0, "continuous_hits": 0, "family": "easycache", "reason": "threshold_recompute", "run_blocks": true, "signal_distance": 0.21945008635520935, "step": 47}

 48%|████▊     | 24/50 [00:16<00:14,  1.84it/s]SANA_CACHE_DECISION {"accumulated_distance": 0.0, "continuous_hits": 0, "family": "easycache", "reason": "threshold_recompute", "run_blocks": true, "signal_distance": 0.15268048644065857, "step": 48}
SANA_CACHE_DECISION {"accumulated_distance": 0.0, "continuous_hits": 0, "family": "easycache", "reason": "end_boundary", "run_blocks": true, "signal_distance": null, "step": 49}
SANA_CACHE_SUMMARY {"computed_steps": [0, 1, 2, 3, 4, 5, 6, 7, 8, 9, 10, 11, 12, 13, 15, 17, 19, 21, 23, 25, 27, 29, 31, 33, 35, 37, 39, 41, 43, 45, 47, 48, 49], "computes": 33, "end_step": 49, "family": "easycache", "hit_rate": 0.34, "hits": 17, "max_continuous_hits": 2, "reasons": {"cache_hit": 17, "end_boundary": 1, "threshold_recompute": 29, "warmup_or_start": 3}, "residual_history_steps": {"0": [49], "1": [49]}, "skipped_steps": [14, 16, 18, 20, 22, 24, 26, 28, 30, 32, 34, 36, 38, 40, 42, 44, 46], "start_step": 0, "subsample": 8, "taylor_damping": 1.0, "taylor_order": 1, "threshold": 0.13, "total_decisions": 50, "warmup_steps": 3}

 50%|█████     | 25/50 [00:17<00:17,  1.42it/s]
 50%|█████     | 25/50 [00:17<00:17,  1.42it/s]
[09-01 19:50:06] [DenoisingStage] average time per step: 0.3518 seconds
[09-01 19:50:06] [DenoisingStage] finished in 17.5913 seconds
[09-01 19:50:06] [DecodingStage] started...
[09-01 19:50:09] [DecodingStage] finished in 3.0126 seconds
[09-01 19:50:10] Output saved to [1;36moutputs/sana2b_6307fa21b2ff.mp4[0;0m
[09-01 19:50:10] Pixel data generated successfully in [92m27.40[0;0m seconds
[09-01 19:50:10] Warmed-up request processed in [92m20.98[0;0m seconds (with warmup excluded)
[09-01 19:50:10] Memory usage - Max peak: 17476.00 MB, Avg peak: 17476.00 MB
GENERATE_OK in 27.4s: paths=['outputs/sana2b_6307fa21b2ff.mp4']
RUN_COMPLETE_MARKER
[93m[09-01 19:50:13] Generator was garbage collected without being shut down. Attempting to shut down the local server and client.[0;0m
/home/jiangzhikun/yongyan_liu/Experiments/SolAgent/20260827-official-repro/envs/sana-cu128-phase0/lib/python3.12/multiprocessing/resource_tracker.py:279: UserWarning: resource_tracker: There appear to be 1 leaked semaphore objects to clean up at shutdown
  warnings.warn('resource_tracker: There appear to be %d '
